[oldiesoldies.com/index.html]
[backblue.gif]
[fade.gif]
[index.html]
[oldiesoldies.com/GET]
[oldiesoldies.com/POST]
[oldiesoldies.com/cart.html]
[oldiesoldies.com/collections/new-arrival.html]
[oldiesoldies.com/collections/frontpage.html]
[oldiesoldies.com/collections/jute-bags.html]
[oldiesoldies.com/collections/select.html]
[oldiesoldies.com/collections/vintage.html]
[oldiesoldies.com/collections/frontpage/products/antique-skirt.html]
[oldiesoldies.com/collections/frontpage/products/the-emperors-new-clothes.html]
[oldiesoldies.com/collections/frontpage/products/antique-vest.html]
[oldiesoldies.com/collections/frontpage/products/inky-lace-dress.html]
[oldiesoldies.com/collections/frontpage/products/antique-hand-crochet-cardigan.html]
[oldiesoldies.com/collections/frontpage/products/avocado-hand-crochet-cardigan.html]
[oldiesoldies.com/collections/frontpage/products/dolly-red-2-way-layer-dress.html]
[oldiesoldies.com/collections/frontpage/products/granny-crochet-ribbon-tank-camel-1.html]
[oldiesoldies.com/search.html]
[oldiesoldies.com/index.html]
[oldiesoldies.com/GET.html]
[oldiesoldies.com/POST.html]
[oldiesoldies.com/pages/退款及退換貨守則.html]
[oldiesoldies.com/collections/all.html]
[oldiesoldies.com/cart.html]
[oldiesoldies.com/policies/shipping-policy.html]
[oldiesoldies.com/collections/new-arrival.atom]
[oldiesoldies.com/collections/new-arrival4658.html]
[oldiesoldies.com/collections/new-arrival.oembed]
[oldiesoldies.com/collections/GET]
[oldiesoldies.com/collections/POST]
[oldiesoldies.com/collections/new-arrival/products/vintage.html]
[oldiesoldies.com/collections/new-arrival/products/1980s-vintage-necklace-1.html]
[oldiesoldies.com/collections/new-arrival/products/1980s-vintage-necklace.html]
[oldiesoldies.com/collections/new-arrival/products/vintage-belt-38.html]
[oldiesoldies.com/collections/new-arrival/products/vintage-vivienne-westwood-backpack.html]
[oldiesoldies.com/collections/new-arrival/products/vintage-belt-34.html]
[oldiesoldies.com/collections/new-arrival/products/vintage-belt-32.html]
[oldiesoldies.com/collections/new-arrival/products/vintage-belt-31.html]
[oldiesoldies.com/collections/new-arrival/products/vintage-belt-18.html]
[oldiesoldies.com/collections/new-arrival/products/vintage-deadstock-belt-black.html]
[oldiesoldies.com/collections/new-arrival/products/vintage-deadstock-belt.html]
[oldiesoldies.com/collections/new-arrival.html]
[oldiesoldies.com/collections/new-arrival/products/etienne-aigner-canvas-vintage-bag.html]
[oldiesoldies.com/collections/frontpage.atom]
[oldiesoldies.com/collections/frontpage.oembed]
[oldiesoldies.com/collections/frontpage/products/granny-crochet-ribbon-tank-camel.html]
[oldiesoldies.com/collections/frontpage/products/granny-crochet-ribbon-tank-black.html]
[oldiesoldies.com/collections/frontpage/products/puffy-top-linen.html]
[oldiesoldies.com/collections/frontpage.html]
[oldiesoldies.com/collections/frontpage/products/ruffly-volume-skirt.html]
[oldiesoldies.com/collections/jute-bags.atom]
[oldiesoldies.com/collections/jute-bags4658.html]
[oldiesoldies.com/collections/jute-bags.oembed]
[oldiesoldies.com/collections/jute-bags/products/super-chic-jute-bag.html]
[oldiesoldies.com/collections/jute-bags/products/natural-jute-bag.html]
[oldiesoldies.com/collections/jute-bags/products/straped-market-bag-2-colours.html]
[oldiesoldies.com/collections/jute-bags/products/round-base-bucket-bag.html]
[oldiesoldies.com/collections/jute-bags/products/border-bag-olive-grey.html]
[oldiesoldies.com/collections/jute-bags/products/border-bag-black-natural.html]
[oldiesoldies.com/collections/jute-bags/products/fringe-bag.html]
[oldiesoldies.com/collections/jute-bags/products/round-handle-bag.html]
[oldiesoldies.com/collections/jute-bags/products/poppies-bag-l-size.html]
[oldiesoldies.com/collections/jute-bags/products/poppies-bag.html]
[oldiesoldies.com/collections/jute-bags/products/jute-market-bag-in-mixed-colours-7-colours.html]
[oldiesoldies.com/collections/jute-bags.html]
[oldiesoldies.com/collections/jute-bags/products/jute-bag-in-natural-colour.html]
[oldiesoldies.com/collections/select.atom]
[oldiesoldies.com/collections/select4658.html]
[oldiesoldies.com/collections/select.oembed]
[oldiesoldies.com/collections/select/products/amethyst-square-stone-925-silver-ring.html]
[oldiesoldies.com/collections/select/products/amethyst-raw-finish-925-silver-irregular-ring.html]
[oldiesoldies.com/collections/select/products/peridot-raw-finish-925-silver-irregular-ring.html]
[oldiesoldies.com/collections/select/products/blue-topaz-raw-finish-925-silver-irregular-ring.html]
[oldiesoldies.com/collections/select/products/oval-crystal-925-silver-ring.html]
[oldiesoldies.com/collections/select/products/black-onyx-925-silver-bubble-ring.html]
[oldiesoldies.com/collections/select/products/rose-quartz-925-silver-bubble-ring.html]
[oldiesoldies.com/collections/select/products/rainbow-moonstone-925-silver-bubble-ring.html]
[oldiesoldies.com/collections/select/products/labradorite-925-silver-cigar-band-ring.html]
[oldiesoldies.com/collections/select/products/black-onyx-925-silver-cigar-band-ring.html]
[oldiesoldies.com/collections/select/products/turquoise-925-silver-cigar-band-ring.html]
[oldiesoldies.com/collections/select.html]
[oldiesoldies.com/collections/select/products/turquoise-925-silver-ring-wider.html]
[oldiesoldies.com/collections/vintage.atom]
[oldiesoldies.com/collections/vintage4658.html]
[oldiesoldies.com/collections/vintage.oembed]
[oldiesoldies.com/collections/vintage/products/vintage.html]
[oldiesoldies.com/collections/vintage/products/1980s-vintage-necklace-1.html]
[oldiesoldies.com/collections/vintage/products/1980s-vintage-necklace.html]
[oldiesoldies.com/collections/vintage/products/vintage-belt-38.html]
[oldiesoldies.com/collections/vintage/products/vintage-vivienne-westwood-backpack.html]
[oldiesoldies.com/collections/vintage/products/vintage-belt-37.html]
[oldiesoldies.com/collections/vintage/products/vintage-belt-36.html]
[oldiesoldies.com/collections/vintage/products/vintage-belt-35.html]
[oldiesoldies.com/collections/vintage/products/vintage-belt-34.html]
[oldiesoldies.com/collections/vintage/products/vintage-belt-33.html]
[oldiesoldies.com/collections/vintage/products/vintage-belt-32.html]
[oldiesoldies.com/collections/vintage.html]
[oldiesoldies.com/collections/vintage/products/vintage-belt-31.html]
[oldiesoldies.com/products/antique-skirt.html]
[oldiesoldies.com/products/antique-skirt.oembed]
[oldiesoldies.com/collections/frontpage/products/GET]
[oldiesoldies.com/collections/frontpage/products/POST]
[oldiesoldies.com/collections/frontpage/products/antique-skirt.html]
[oldiesoldies.com/products/the-emperors-new-clothes.html]
[oldiesoldies.com/products/the-emperors-new-clothes.oembed]
[oldiesoldies.com/collections/frontpage/products/the-emperors-new-clothes.html]
[oldiesoldies.com/products/antique-vest.html]
[oldiesoldies.com/products/antique-vest.oembed]
[oldiesoldies.com/collections/frontpage/products/antique-vest.html]
[oldiesoldies.com/products/inky-lace-dress.html]
[oldiesoldies.com/products/inky-lace-dress.oembed]
[oldiesoldies.com/collections/frontpage/products/inky-lace-dress.html]
[oldiesoldies.com/products/antique-hand-crochet-cardigan.html]
[oldiesoldies.com/products/antique-hand-crochet-cardigan.oembed]
[oldiesoldies.com/collections/frontpage/products/antique-hand-crochet-cardigan.html]
[oldiesoldies.com/products/avocado-hand-crochet-cardigan.html]
[oldiesoldies.com/products/avocado-hand-crochet-cardigan.oembed]
[oldiesoldies.com/collections/frontpage/products/avocado-hand-crochet-cardigan.html]
[oldiesoldies.com/products/dolly-red-2-way-layer-dress.html]
[oldiesoldies.com/products/dolly-red-2-way-layer-dress.oembed]
[oldiesoldies.com/collections/frontpage/products/dolly-red-2-way-layer-dress.html]
[oldiesoldies.com/products/granny-crochet-ribbon-tank-camel-1.html]
[oldiesoldies.com/products/granny-crochet-ribbon-tank-camel-1.oembed]
[oldiesoldies.com/collections/frontpage/products/granny-crochet-ribbon-tank-camel-1.html]
[oldiesoldies.com/search.html]
[oldiesoldies.com/pages/GET]
[oldiesoldies.com/pages/POST]
[oldiesoldies.com/pages/退款及退換貨守則.html]
[oldiesoldies.com/collections/all.atom]
[oldiesoldies.com/collections/all4658.html]
[oldiesoldies.com/products/vintage.html]
[oldiesoldies.com/products/1980s-vintage-necklace.html]
[oldiesoldies.com/products/1980s-vintage-necklace-1.html]
[oldiesoldies.com/products/amethyst-raw-finish-925-silver-irregular-ring.html]
[oldiesoldies.com/products/amethyst-square-stone-925-silver-ring.html]
[oldiesoldies.com/products/000shirt.html]
[oldiesoldies.com/products/000dress2.html]
[oldiesoldies.com/products/dress.html]
[oldiesoldies.com/collections/all.html]
[oldiesoldies.com/policies/GET]
[oldiesoldies.com/policies/POST]
[oldiesoldies.com/policies/shipping-policy.html]
[oldiesoldies.com/collections/new-arrival2679.html]
[oldiesoldies.com/collections/new-arrival4658.oembed]
[oldiesoldies.com/collections/new-arrival/products/000wavy-silver-ring.html]
[oldiesoldies.com/collections/new-arrival/products/000dress2.html]
[oldiesoldies.com/collections/new-arrival/products/000top.html]
[oldiesoldies.com/collections/new-arrival/products/000shirt.html]
[oldiesoldies.com/collections/new-arrival4658.html]
[oldiesoldies.com/collections/GET.html]
[oldiesoldies.com/collections/POST.html]
[oldiesoldies.com/collections/new-arrival/products/dress.html]
[oldiesoldies.com/products/vintage.oembed]
[oldiesoldies.com/collections/new-arrival/products/GET]
[oldiesoldies.com/collections/new-arrival/products/POST]
[oldiesoldies.com/collections/new-arrival/products/vintage.html]
[oldiesoldies.com/collections/new-arrival/products/1980s-vintage-necklace-1.html]
[oldiesoldies.com/products/1980s-vintage-necklace-1.oembed]
[oldiesoldies.com/products/1980s-vintage-necklace.oembed]
[oldiesoldies.com/collections/new-arrival/products/1980s-vintage-necklace.html]
[oldiesoldies.com/products/vintage-belt-38.html]
[oldiesoldies.com/products/vintage-belt-38.oembed]
[oldiesoldies.com/collections/new-arrival/products/vintage-belt-38.html]
[oldiesoldies.com/products/vintage-vivienne-westwood-backpack.html]
[oldiesoldies.com/products/vintage-vivienne-westwood-backpack.oembed]
[oldiesoldies.com/collections/new-arrival/products/vintage-vivienne-westwood-backpack.html]
[oldiesoldies.com/products/vintage-belt-34.html]
[oldiesoldies.com/products/vintage-belt-34.oembed]
[oldiesoldies.com/collections/new-arrival/products/vintage-belt-34.html]
[oldiesoldies.com/products/vintage-belt-32.html]
[oldiesoldies.com/products/vintage-belt-32.oembed]
[oldiesoldies.com/collections/new-arrival/products/vintage-belt-32.html]
[oldiesoldies.com/products/vintage-belt-31.html]
[oldiesoldies.com/products/vintage-belt-31.oembed]
[oldiesoldies.com/collections/new-arrival/products/vintage-belt-31.html]
[oldiesoldies.com/products/vintage-belt-18.html]
[oldiesoldies.com/products/vintage-belt-18.oembed]
[oldiesoldies.com/collections/new-arrival/products/vintage-belt-18.html]
[oldiesoldies.com/products/vintage-deadstock-belt-black.html]
[oldiesoldies.com/products/vintage-deadstock-belt-black.oembed]
[oldiesoldies.com/collections/new-arrival/products/vintage-deadstock-belt-black.html]
[oldiesoldies.com/products/vintage-deadstock-belt.html]
[oldiesoldies.com/products/vintage-deadstock-belt.oembed]
[oldiesoldies.com/collections/new-arrival/products/vintage-deadstock-belt.html]
[oldiesoldies.com/products/etienne-aigner-canvas-vintage-bag.html]
[oldiesoldies.com/products/etienne-aigner-canvas-vintage-bag.oembed]
[oldiesoldies.com/collections/new-arrival/products/etienne-aigner-canvas-vintage-bag.html]
[oldiesoldies.com/products/granny-crochet-ribbon-tank-camel.html]
[oldiesoldies.com/products/granny-crochet-ribbon-tank-camel.oembed]
[oldiesoldies.com/collections/frontpage/products/granny-crochet-ribbon-tank-camel.html]
[oldiesoldies.com/products/granny-crochet-ribbon-tank-black.html]
[oldiesoldies.com/products/granny-crochet-ribbon-tank-black.oembed]
[oldiesoldies.com/collections/frontpage/products/granny-crochet-ribbon-tank-black.html]
[oldiesoldies.com/products/puffy-top-linen.html]
[oldiesoldies.com/products/puffy-top-linen.oembed]
[oldiesoldies.com/collections/frontpage/products/puffy-top-linen.html]
[oldiesoldies.com/products/ruffly-volume-skirt.html]
[oldiesoldies.com/products/ruffly-volume-skirt.oembed]
[oldiesoldies.com/collections/frontpage/products/ruffly-volume-skirt.html]
[oldiesoldies.com/collections/jute-bags2679.html]
[oldiesoldies.com/collections/jute-bags9ba9.html]
[oldiesoldies.com/collections/jute-bags4658.oembed]
[oldiesoldies.com/collections/jute-bags/products/jute-bag-in-natural-colour-medium-size.html]
[oldiesoldies.com/collections/jute-bags/products/handwoven-drawstring-mini-bucket-bag-brown.html]
[oldiesoldies.com/collections/jute-bags/products/handwoven-drawstring-mini-bucket-bag.html]
[oldiesoldies.com/collections/jute-bags/products/handwoven-drawstring-mini-bucket-bag-beige.html]
[oldiesoldies.com/collections/jute-bags/products/flower-coin-case.html]
[oldiesoldies.com/collections/jute-bags/products/jute-striped-string-bag-large.html]
[oldiesoldies.com/collections/jute-bags/products/stripped-pattern-jute-bag.html]
[oldiesoldies.com/collections/jute-bags/products/striped-jute-market-bag.html]
[oldiesoldies.com/collections/jute-bags/products/strapped-jute-bag.html]
[oldiesoldies.com/collections/jute-bags/products/round-jute-bag.html]
[oldiesoldies.com/collections/jute-bags/products/nerdy-duck-from-nepal.html]
[oldiesoldies.com/collections/jute-bags4658.html]
[oldiesoldies.com/collections/jute-bags/products/fat-cat-from-nepal.html]
[oldiesoldies.com/products/super-chic-jute-bag.html]
[oldiesoldies.com/products/super-chic-jute-bag.oembed]
[oldiesoldies.com/collections/jute-bags/products/GET]
[oldiesoldies.com/collections/jute-bags/products/POST]
[oldiesoldies.com/collections/jute-bags/products/super-chic-jute-bag.html]
[oldiesoldies.com/products/natural-jute-bag.html]
[oldiesoldies.com/products/natural-jute-bag.oembed]
[oldiesoldies.com/collections/jute-bags/products/natural-jute-bag.html]
[oldiesoldies.com/products/straped-market-bag-2-colours.html]
[oldiesoldies.com/products/straped-market-bag-2-colours.oembed]
[oldiesoldies.com/collections/jute-bags/products/straped-market-bag-2-colours.html]
[oldiesoldies.com/products/round-base-bucket-bag.html]
[oldiesoldies.com/products/round-base-bucket-bag.oembed]
[oldiesoldies.com/collections/jute-bags/products/round-base-bucket-bag.html]
[oldiesoldies.com/products/border-bag-olive-grey.html]
[oldiesoldies.com/products/border-bag-olive-grey.oembed]
[oldiesoldies.com/collections/jute-bags/products/border-bag-olive-grey.html]
[oldiesoldies.com/products/border-bag-black-natural.html]
[oldiesoldies.com/collections/jute-bags/products/border-bag-black-natural.html]
[oldiesoldies.com/products/border-bag-black-natural.oembed]
[oldiesoldies.com/products/fringe-bag.html]
[oldiesoldies.com/products/fringe-bag.oembed]
[oldiesoldies.com/collections/jute-bags/products/fringe-bag.html]
[oldiesoldies.com/products/round-handle-bag.html]
[oldiesoldies.com/products/round-handle-bag.oembed]
[oldiesoldies.com/collections/jute-bags/products/round-handle-bag.html]
[oldiesoldies.com/products/poppies-bag-l-size.html]
[oldiesoldies.com/products/poppies-bag-l-size.oembed]
[oldiesoldies.com/collections/jute-bags/products/poppies-bag-l-size.html]
[oldiesoldies.com/products/poppies-bag.html]
[oldiesoldies.com/products/poppies-bag.oembed]
[oldiesoldies.com/collections/jute-bags/products/poppies-bag.html]
[oldiesoldies.com/products/jute-market-bag-in-mixed-colours-7-colours.html]
[oldiesoldies.com/products/jute-market-bag-in-mixed-colours-7-colours.oembed]
[oldiesoldies.com/collections/jute-bags/products/jute-market-bag-in-mixed-colours-7-colours.html]
[oldiesoldies.com/products/jute-bag-in-natural-colour.html]
[oldiesoldies.com/collections/jute-bags/products/jute-bag-in-natural-colour.html]
[oldiesoldies.com/products/jute-bag-in-natural-colour.oembed]
[oldiesoldies.com/collections/select2679.html]
[oldiesoldies.com/collections/select9ba9.html]
[oldiesoldies.com/collections/select4658.oembed]
[oldiesoldies.com/collections/select/products/turquoise-925-silver-ring-thinner.html]
[oldiesoldies.com/collections/select/products/labradorite-925-silver-ring的副本.html]
[oldiesoldies.com/collections/select/products/labradorite-925-silver-ring-2.html]
[oldiesoldies.com/collections/select/products/labradorite-925-silver-ring-1.html]
[oldiesoldies.com/collections/select/products/rainbow-moonstone-cubic-zirconia-925-silver-ring.html]
[oldiesoldies.com/collections/select/products/rhodochrosite-925-silver-ring.html]
[oldiesoldies.com/collections/select/products/picture-jasper-925-silver-ring.html]
[oldiesoldies.com/collections/select/products/crystal-drop-925-silver-ring.html]
[oldiesoldies.com/collections/select/products/labradorite-925-silver-ring.html]
[oldiesoldies.com/collections/select/products/moonstone-925-silver-band-ring.html]
[oldiesoldies.com/collections/select/products/plain-925-silver-ring.html]
[oldiesoldies.com/collections/select4658.html]
[oldiesoldies.com/collections/select/products/rhodo-crosite-925-silver-ring.html]
[oldiesoldies.com/products/amethyst-square-stone-925-silver-ring.oembed]
[oldiesoldies.com/collections/select/products/GET]
[oldiesoldies.com/collections/select/products/POST]
[oldiesoldies.com/collections/select/products/amethyst-square-stone-925-silver-ring.html]
[oldiesoldies.com/products/amethyst-raw-finish-925-silver-irregular-ring.oembed]
[oldiesoldies.com/collections/select/products/amethyst-raw-finish-925-silver-irregular-ring.html]
[oldiesoldies.com/products/peridot-raw-finish-925-silver-irregular-ring.html]
[oldiesoldies.com/products/peridot-raw-finish-925-silver-irregular-ring.oembed]
[oldiesoldies.com/collections/select/products/peridot-raw-finish-925-silver-irregular-ring.html]
[oldiesoldies.com/products/blue-topaz-raw-finish-925-silver-irregular-ring.html]
[oldiesoldies.com/products/blue-topaz-raw-finish-925-silver-irregular-ring.oembed]
[oldiesoldies.com/collections/select/products/blue-topaz-raw-finish-925-silver-irregular-ring.html]
[oldiesoldies.com/products/oval-crystal-925-silver-ring.html]
[oldiesoldies.com/products/oval-crystal-925-silver-ring.oembed]
[oldiesoldies.com/collections/select/products/oval-crystal-925-silver-ring.html]
[oldiesoldies.com/products/black-onyx-925-silver-bubble-ring.html]
[oldiesoldies.com/products/black-onyx-925-silver-bubble-ring.oembed]
[oldiesoldies.com/collections/select/products/black-onyx-925-silver-bubble-ring.html]
[oldiesoldies.com/products/rose-quartz-925-silver-bubble-ring.html]
[oldiesoldies.com/products/rose-quartz-925-silver-bubble-ring.oembed]
[oldiesoldies.com/collections/select/products/rose-quartz-925-silver-bubble-ring.html]
[oldiesoldies.com/products/rainbow-moonstone-925-silver-bubble-ring.html]
[oldiesoldies.com/products/rainbow-moonstone-925-silver-bubble-ring.oembed]
[oldiesoldies.com/collections/select/products/rainbow-moonstone-925-silver-bubble-ring.html]
[oldiesoldies.com/products/labradorite-925-silver-cigar-band-ring.html]
[oldiesoldies.com/collections/select/products/labradorite-925-silver-cigar-band-ring.html]
[oldiesoldies.com/products/labradorite-925-silver-cigar-band-ring.oembed]
[oldiesoldies.com/products/black-onyx-925-silver-cigar-band-ring.html]
[oldiesoldies.com/collections/select/products/black-onyx-925-silver-cigar-band-ring.html]
[oldiesoldies.com/products/black-onyx-925-silver-cigar-band-ring.oembed]
[oldiesoldies.com/products/turquoise-925-silver-cigar-band-ring.html]
[oldiesoldies.com/collections/select/products/turquoise-925-silver-cigar-band-ring.html]
[oldiesoldies.com/products/turquoise-925-silver-cigar-band-ring.oembed]
[oldiesoldies.com/products/turquoise-925-silver-ring-wider.html]
[oldiesoldies.com/products/turquoise-925-silver-ring-wider.oembed]
[oldiesoldies.com/collections/select/products/turquoise-925-silver-ring-wider.html]
[oldiesoldies.com/collections/vintage2679.html]
[oldiesoldies.com/collections/vintage9ba9.html]
[oldiesoldies.com/collections/vintage4658.oembed]
[oldiesoldies.com/collections/vintage/products/vintage-belt-30.html]
[oldiesoldies.com/collections/vintage/products/vintage-belt-29.html]
[oldiesoldies.com/collections/vintage/products/vintage-belt-28.html]
[oldiesoldies.com/collections/vintage/products/vintage-belt-27.html]
[oldiesoldies.com/collections/vintage/products/vintage-belt-26.html]
[oldiesoldies.com/collections/vintage/products/vintage-belt-25.html]
[oldiesoldies.com/collections/vintage/products/vintage-belt-24.html]
[oldiesoldies.com/collections/vintage/products/vintage-mini-clasp-bag.html]
[oldiesoldies.com/collections/vintage/products/vintage-belt-23.html]
[oldiesoldies.com/collections/vintage/products/vintage-belt-22.html]
[oldiesoldies.com/collections/vintage/products/vintage-belt-21.html]
[oldiesoldies.com/collections/vintage4658.html]
[oldiesoldies.com/collections/vintage/products/vintage-belt-20.html]
[oldiesoldies.com/collections/vintage/products/GET]
[oldiesoldies.com/collections/vintage/products/POST]
[oldiesoldies.com/collections/vintage/products/vintage.html]
[oldiesoldies.com/collections/vintage/products/1980s-vintage-necklace-1.html]
[oldiesoldies.com/collections/vintage/products/1980s-vintage-necklace.html]
[oldiesoldies.com/collections/vintage/products/vintage-belt-38.html]
[oldiesoldies.com/collections/vintage/products/vintage-vivienne-westwood-backpack.html]
[oldiesoldies.com/products/vintage-belt-37.html]
[oldiesoldies.com/products/vintage-belt-37.oembed]
[oldiesoldies.com/collections/vintage/products/vintage-belt-37.html]
[oldiesoldies.com/products/vintage-belt-36.html]
[oldiesoldies.com/products/vintage-belt-36.oembed]
[oldiesoldies.com/collections/vintage/products/vintage-belt-36.html]
[oldiesoldies.com/products/vintage-belt-35.html]
[oldiesoldies.com/products/vintage-belt-35.oembed]
[oldiesoldies.com/collections/vintage/products/vintage-belt-35.html]
[oldiesoldies.com/collections/vintage/products/vintage-belt-34.html]
[oldiesoldies.com/products/vintage-belt-33.html]
[oldiesoldies.com/products/vintage-belt-33.oembed]
[oldiesoldies.com/collections/vintage/products/vintage-belt-33.html]
[oldiesoldies.com/collections/vintage/products/vintage-belt-32.html]
[oldiesoldies.com/collections/vintage/products/vintage-belt-31.html]
[oldiesoldies.com/products/GET]
[oldiesoldies.com/products/POST]
[oldiesoldies.com/products/antique-skirt.html]
[oldiesoldies.com/collections/frontpage/products/GET.html]
[oldiesoldies.com/collections/frontpage/products/POST.html]
[oldiesoldies.com/products/the-emperors-new-clothes.html]
[oldiesoldies.com/products/antique-vest.html]
[oldiesoldies.com/products/inky-lace-dress.html]
[oldiesoldies.com/products/antique-hand-crochet-cardigan.html]
[oldiesoldies.com/products/avocado-hand-crochet-cardigan.html]
[oldiesoldies.com/products/dolly-red-2-way-layer-dress.html]
[oldiesoldies.com/products/granny-crochet-ribbon-tank-camel-1.html]
[oldiesoldies.com/pages/GET.html]
[oldiesoldies.com/pages/POST.html]
[oldiesoldies.com/collections/all2679.html]
[oldiesoldies.com/collections/all9ba9.html]
[oldiesoldies.com/products/boxy-woven-jute-bag-with-lining.html]
[oldiesoldies.com/products/000brown-copper-turquoise-925-silver-ring.html]
[oldiesoldies.com/products/cherries-bag.html]
[oldiesoldies.com/products/cropped-flower-embroidered-cardigan-brown-的副本.html]
[oldiesoldies.com/products/cropped-flower-embroidered-cardigan.html]
[oldiesoldies.com/products/crystal-drop-925-silver-ring.html]
[oldiesoldies.com/collections/all4658.html]
[oldiesoldies.com/products/vintage.html]
[oldiesoldies.com/products/1980s-vintage-necklace.html]
[oldiesoldies.com/products/1980s-vintage-necklace-1.html]
[oldiesoldies.com/products/amethyst-raw-finish-925-silver-irregular-ring.html]
[oldiesoldies.com/products/amethyst-square-stone-925-silver-ring.html]
[oldiesoldies.com/products/daisies-bag.html]
[oldiesoldies.com/products/000shirt.oembed]
[oldiesoldies.com/products/000shirt.html]
[oldiesoldies.com/products/000dress2.html]
[oldiesoldies.com/products/000dress2.oembed]
[oldiesoldies.com/products/dress.oembed]
[oldiesoldies.com/products/dress.html]
[oldiesoldies.com/policies/GET.html]
[oldiesoldies.com/policies/POST.html]
[oldiesoldies.com/collections/new-arrival2679.html]
[oldiesoldies.com/products/000wavy-silver-ring.html]
[oldiesoldies.com/products/000wavy-silver-ring.oembed]
[oldiesoldies.com/collections/new-arrival/products/000wavy-silver-ring.html]
[oldiesoldies.com/collections/new-arrival/products/000dress2.html]
[oldiesoldies.com/products/000top.html]
[oldiesoldies.com/products/000top.oembed]
[oldiesoldies.com/collections/new-arrival/products/000top.html]
[oldiesoldies.com/collections/new-arrival/products/000shirt.html]
[oldiesoldies.com/collections/new-arrival/products/dress.html]
[oldiesoldies.com/collections/new-arrival/products/GET.html]
[oldiesoldies.com/collections/new-arrival/products/POST.html]
[oldiesoldies.com/products/vintage-belt-38.html]
[oldiesoldies.com/products/vintage-vivienne-westwood-backpack.html]
[oldiesoldies.com/products/vintage-belt-34.html]
[oldiesoldies.com/products/vintage-belt-32.html]
[oldiesoldies.com/products/vintage-belt-31.html]
[oldiesoldies.com/products/vintage-belt-18.html]
[oldiesoldies.com/products/vintage-deadstock-belt-black.html]
[oldiesoldies.com/products/vintage-deadstock-belt.html]
[oldiesoldies.com/products/etienne-aigner-canvas-vintage-bag.html]
[oldiesoldies.com/products/granny-crochet-ribbon-tank-camel.html]
[oldiesoldies.com/products/granny-crochet-ribbon-tank-black.html]
[oldiesoldies.com/products/puffy-top-linen.html]
[oldiesoldies.com/products/ruffly-volume-skirt.html]
[oldiesoldies.com/collections/jute-bags2679.html]
[oldiesoldies.com/collections/jute-bags9ba9.oembed]
[oldiesoldies.com/collections/jute-bags/products/tero-bag.html]
[oldiesoldies.com/collections/jute-bags/products/jute-market-bag-10-colours.html]
[oldiesoldies.com/collections/jute-bags/products/boxy-woven-jute-bag-with-lining.html]
[oldiesoldies.com/collections/jute-bags/products/woven-jute-bag.html]
[oldiesoldies.com/collections/jute-bags/products/daisies-bag.html]
[oldiesoldies.com/collections/jute-bags/products/cherries-bag.html]
[oldiesoldies.com/collections/jute-bags/products/jute-string-bag.html]
[oldiesoldies.com/collections/jute-bags9ba9.html]
[oldiesoldies.com/collections/jute-bags/products/striped-string-bag.html]
[oldiesoldies.com/products/jute-bag-in-natural-colour-medium-size.html]
[oldiesoldies.com/products/jute-bag-in-natural-colour-medium-size.oembed]
[oldiesoldies.com/collections/jute-bags/products/jute-bag-in-natural-colour-medium-size.html]
[oldiesoldies.com/products/handwoven-drawstring-mini-bucket-bag-brown.html]
[oldiesoldies.com/products/handwoven-drawstring-mini-bucket-bag-brown.oembed]
[oldiesoldies.com/collections/jute-bags/products/handwoven-drawstring-mini-bucket-bag-brown.html]
[oldiesoldies.com/products/handwoven-drawstring-mini-bucket-bag.html]
[oldiesoldies.com/collections/jute-bags/products/handwoven-drawstring-mini-bucket-bag.html]
[oldiesoldies.com/products/handwoven-drawstring-mini-bucket-bag.oembed]
[oldiesoldies.com/products/handwoven-drawstring-mini-bucket-bag-beige.html]
[oldiesoldies.com/collections/jute-bags/products/handwoven-drawstring-mini-bucket-bag-beige.html]
[oldiesoldies.com/products/handwoven-drawstring-mini-bucket-bag-beige.oembed]
[oldiesoldies.com/products/flower-coin-case.html]
[oldiesoldies.com/products/flower-coin-case.oembed]
[oldiesoldies.com/collections/jute-bags/products/flower-coin-case.html]
[oldiesoldies.com/products/jute-striped-string-bag-large.html]
[oldiesoldies.com/products/jute-striped-string-bag-large.oembed]
[oldiesoldies.com/collections/jute-bags/products/jute-striped-string-bag-large.html]
[oldiesoldies.com/products/stripped-pattern-jute-bag.html]
[oldiesoldies.com/products/stripped-pattern-jute-bag.oembed]
[oldiesoldies.com/collections/jute-bags/products/stripped-pattern-jute-bag.html]
[oldiesoldies.com/products/striped-jute-market-bag.html]
[oldiesoldies.com/collections/jute-bags/products/striped-jute-market-bag.html]
[oldiesoldies.com/products/striped-jute-market-bag.oembed]
[oldiesoldies.com/products/strapped-jute-bag.html]
[oldiesoldies.com/products/strapped-jute-bag.oembed]
[oldiesoldies.com/collections/jute-bags/products/strapped-jute-bag.html]
[oldiesoldies.com/products/round-jute-bag.html]
[oldiesoldies.com/products/round-jute-bag.oembed]
[oldiesoldies.com/collections/jute-bags/products/round-jute-bag.html]
[oldiesoldies.com/products/nerdy-duck-from-nepal.html]
[oldiesoldies.com/products/nerdy-duck-from-nepal.oembed]
[oldiesoldies.com/collections/jute-bags/products/nerdy-duck-from-nepal.html]
[oldiesoldies.com/products/fat-cat-from-nepal.html]
[oldiesoldies.com/collections/jute-bags/products/fat-cat-from-nepal.html]
[oldiesoldies.com/products/super-chic-jute-bag.html]
[oldiesoldies.com/collections/jute-bags/products/GET.html]
[oldiesoldies.com/collections/jute-bags/products/POST.html]
[oldiesoldies.com/products/natural-jute-bag.html]
[oldiesoldies.com/products/straped-market-bag-2-colours.html]
[oldiesoldies.com/products/round-base-bucket-bag.html]
[oldiesoldies.com/products/border-bag-olive-grey.html]
[oldiesoldies.com/products/border-bag-black-natural.html]
[oldiesoldies.com/products/fringe-bag.html]
[oldiesoldies.com/products/round-handle-bag.html]
[oldiesoldies.com/products/poppies-bag-l-size.html]
[oldiesoldies.com/products/poppies-bag.html]
[oldiesoldies.com/products/jute-market-bag-in-mixed-colours-7-colours.html]
[oldiesoldies.com/products/jute-bag-in-natural-colour.html]
[oldiesoldies.com/collections/select2679.html]
[oldiesoldies.com/products/fat-cat-from-nepal.oembed]
[oldiesoldies.com/collections/selectfdb0.html]
[oldiesoldies.com/collections/select9ba9.oembed]
[oldiesoldies.com/collections/select/products/000brown-copper-turquoise-925-silver-ring.html]
[oldiesoldies.com/collections/select/products/000gold-plated-925-silver-pearl-ring.html]
[oldiesoldies.com/collections/select/products/000wavy-silver-ring.html]
[oldiesoldies.com/collections/select/products/000prehnite-ring.html]
[oldiesoldies.com/collections/select/products/000dress2.html]
[oldiesoldies.com/collections/select/products/000top.html]
[oldiesoldies.com/collections/select/products/000shirt.html]
[oldiesoldies.com/collections/select/products/dress.html]
[oldiesoldies.com/collections/select/products/dotty-check-hand-block-printed-tunic.html]
[oldiesoldies.com/collections/select/products/powder-kota-doria-a-line-wrap-dress.html]
[oldiesoldies.com/collections/select/products/dot-floral-hand-embroidered-layer-top.html]
[oldiesoldies.com/collections/select9ba9.html]
[oldiesoldies.com/collections/select/products/sheer-double-layer-organza-camisole.html]
[oldiesoldies.com/products/turquoise-925-silver-ring-thinner.html]
[oldiesoldies.com/products/turquoise-925-silver-ring-thinner.oembed]
[oldiesoldies.com/collections/select/products/turquoise-925-silver-ring-thinner.html]
[oldiesoldies.com/products/labradorite-925-silver-ring的副本.html]
[oldiesoldies.com/products/labradorite-925-silver-ring的副本.oembed]
[oldiesoldies.com/collections/select/products/labradorite-925-silver-ring的副本.html]
[oldiesoldies.com/products/labradorite-925-silver-ring-2.html]
[oldiesoldies.com/products/labradorite-925-silver-ring-2.oembed]
[oldiesoldies.com/collections/select/products/labradorite-925-silver-ring-2.html]
[oldiesoldies.com/products/labradorite-925-silver-ring-1.html]
[oldiesoldies.com/collections/select/products/labradorite-925-silver-ring-1.html]
[oldiesoldies.com/products/labradorite-925-silver-ring-1.oembed]
[oldiesoldies.com/products/rainbow-moonstone-cubic-zirconia-925-silver-ring.html]
[oldiesoldies.com/collections/select/products/rainbow-moonstone-cubic-zirconia-925-silver-ring.html]
[oldiesoldies.com/products/rainbow-moonstone-cubic-zirconia-925-silver-ring.oembed]
[oldiesoldies.com/products/rhodochrosite-925-silver-ring.html]
[oldiesoldies.com/collections/select/products/rhodochrosite-925-silver-ring.html]
[oldiesoldies.com/products/rhodochrosite-925-silver-ring.oembed]
[oldiesoldies.com/products/picture-jasper-925-silver-ring.html]
[oldiesoldies.com/products/picture-jasper-925-silver-ring.oembed]
[oldiesoldies.com/collections/select/products/picture-jasper-925-silver-ring.html]
[oldiesoldies.com/products/crystal-drop-925-silver-ring.oembed]
[oldiesoldies.com/collections/select/products/crystal-drop-925-silver-ring.html]
[oldiesoldies.com/products/labradorite-925-silver-ring.html]
[oldiesoldies.com/products/labradorite-925-silver-ring.oembed]
[oldiesoldies.com/collections/select/products/labradorite-925-silver-ring.html]
[oldiesoldies.com/products/moonstone-925-silver-band-ring.html]
[oldiesoldies.com/products/moonstone-925-silver-band-ring.oembed]
[oldiesoldies.com/collections/select/products/moonstone-925-silver-band-ring.html]
[oldiesoldies.com/products/plain-925-silver-ring.html]
[oldiesoldies.com/products/plain-925-silver-ring.oembed]
[oldiesoldies.com/collections/select/products/plain-925-silver-ring.html]
[oldiesoldies.com/products/rhodo-crosite-925-silver-ring.html]
[oldiesoldies.com/products/rhodo-crosite-925-silver-ring.oembed]
[oldiesoldies.com/collections/select/products/rhodo-crosite-925-silver-ring.html]
[oldiesoldies.com/collections/select/products/GET.html]
[oldiesoldies.com/collections/select/products/POST.html]
[oldiesoldies.com/products/peridot-raw-finish-925-silver-irregular-ring.html]
[oldiesoldies.com/products/blue-topaz-raw-finish-925-silver-irregular-ring.html]
[oldiesoldies.com/products/oval-crystal-925-silver-ring.html]
[oldiesoldies.com/products/black-onyx-925-silver-bubble-ring.html]
[oldiesoldies.com/products/rose-quartz-925-silver-bubble-ring.html]
[oldiesoldies.com/products/rainbow-moonstone-925-silver-bubble-ring.html]
[oldiesoldies.com/products/labradorite-925-silver-cigar-band-ring.html]
[oldiesoldies.com/products/black-onyx-925-silver-cigar-band-ring.html]
[oldiesoldies.com/products/turquoise-925-silver-cigar-band-ring.html]
[oldiesoldies.com/products/turquoise-925-silver-ring-wider.html]
[oldiesoldies.com/collections/vintage2679.html]
[oldiesoldies.com/collections/vintagefdb0.html]
[oldiesoldies.com/collections/vintage9ba9.oembed]
[oldiesoldies.com/collections/vintage/products/vintage-belt-19.html]
[oldiesoldies.com/collections/vintage/products/vintage-belt-18.html]
[oldiesoldies.com/collections/vintage/products/vintage-belt-16.html]
[oldiesoldies.com/collections/vintage/products/vintage-belt-15.html]
[oldiesoldies.com/collections/vintage/products/vintage-belt-14.html]
[oldiesoldies.com/collections/vintage/products/vintage-mini-bag.html]
[oldiesoldies.com/collections/vintage/products/vintage-belt-13.html]
[oldiesoldies.com/collections/vintage/products/vintage-belt-12.html]
[oldiesoldies.com/collections/vintage/products/vintage-deadstock-belt-black.html]
[oldiesoldies.com/collections/vintage/products/vintage-2-way-bag.html]
[oldiesoldies.com/collections/vintage/products/vintage-deadstock-belt.html]
[oldiesoldies.com/collections/vintage9ba9.html]
[oldiesoldies.com/collections/vintage/products/vintage-belt-11.html]
[oldiesoldies.com/products/vintage-belt-30.html]
[oldiesoldies.com/products/vintage-belt-30.oembed]
[oldiesoldies.com/collections/vintage/products/vintage-belt-30.html]
[oldiesoldies.com/products/vintage-belt-29.html]
[oldiesoldies.com/products/vintage-belt-29.oembed]
[oldiesoldies.com/collections/vintage/products/vintage-belt-29.html]
[oldiesoldies.com/products/vintage-belt-28.html]
[oldiesoldies.com/products/vintage-belt-28.oembed]
[oldiesoldies.com/collections/vintage/products/vintage-belt-28.html]
[oldiesoldies.com/products/vintage-belt-27.html]
[oldiesoldies.com/products/vintage-belt-27.oembed]
[oldiesoldies.com/collections/vintage/products/vintage-belt-27.html]
[oldiesoldies.com/products/vintage-belt-26.html]
[oldiesoldies.com/products/vintage-belt-26.oembed]
[oldiesoldies.com/collections/vintage/products/vintage-belt-26.html]
[oldiesoldies.com/products/vintage-belt-25.html]
[oldiesoldies.com/products/vintage-belt-25.oembed]
[oldiesoldies.com/collections/vintage/products/vintage-belt-25.html]
[oldiesoldies.com/products/vintage-belt-24.html]
[oldiesoldies.com/products/vintage-belt-24.oembed]
[oldiesoldies.com/collections/vintage/products/vintage-belt-24.html]
[oldiesoldies.com/products/vintage-mini-clasp-bag.html]
[oldiesoldies.com/products/vintage-mini-clasp-bag.oembed]
[oldiesoldies.com/collections/vintage/products/vintage-mini-clasp-bag.html]
[oldiesoldies.com/products/vintage-belt-23.html]
[oldiesoldies.com/products/vintage-belt-23.oembed]
[oldiesoldies.com/collections/vintage/products/vintage-belt-23.html]
[oldiesoldies.com/products/vintage-belt-22.html]
[oldiesoldies.com/products/vintage-belt-22.oembed]
[oldiesoldies.com/collections/vintage/products/vintage-belt-22.html]
[oldiesoldies.com/products/vintage-belt-21.html]
[oldiesoldies.com/products/vintage-belt-21.oembed]
[oldiesoldies.com/collections/vintage/products/vintage-belt-21.html]
[oldiesoldies.com/products/vintage-belt-20.html]
[oldiesoldies.com/products/vintage-belt-20.oembed]
[oldiesoldies.com/collections/vintage/products/vintage-belt-20.html]
[oldiesoldies.com/collections/vintage/products/GET.html]
[oldiesoldies.com/collections/vintage/products/POST.html]
[oldiesoldies.com/products/vintage-belt-37.html]
[oldiesoldies.com/products/vintage-belt-36.html]
[oldiesoldies.com/products/vintage-belt-35.html]
[oldiesoldies.com/products/vintage-belt-33.html]
[oldiesoldies.com/products/GET.html]
[oldiesoldies.com/products/POST.html]
[oldiesoldies.com/collections/all2679.html]
[oldiesoldies.com/collections/allfdb0.html]
[oldiesoldies.com/products/dot-corn-hand-block-printed-dress.html]
[oldiesoldies.com/products/dot-floral-hand-embroidered-layer-top.html]
[oldiesoldies.com/products/dot-hand-embroidered-long-shirt-camisole-set.html]
[oldiesoldies.com/products/dotty-check-hand-block-printed-tunic.html]
[oldiesoldies.com/products/flower-hand-block-printed-blouse.html]
[oldiesoldies.com/collections/all9ba9.html]
[oldiesoldies.com/products/000gold-plated-925-silver-pearl-ring.html]
[oldiesoldies.com/products/boxy-woven-jute-bag-with-lining.oembed]
[oldiesoldies.com/products/boxy-woven-jute-bag-with-lining.html]
[oldiesoldies.com/products/000brown-copper-turquoise-925-silver-ring.html]
[oldiesoldies.com/products/000brown-copper-turquoise-925-silver-ring.oembed]
[oldiesoldies.com/products/cherries-bag.oembed]
[oldiesoldies.com/products/cherries-bag.html]
[oldiesoldies.com/products/cropped-flower-embroidered-cardigan-brown-的副本-2.html]
[oldiesoldies.com/products/cropped-flower-embroidered-cardigan-brown-的副本.oembed]
[oldiesoldies.com/products/cropped-flower-embroidered-cardigan-brown-的副本.html]
[oldiesoldies.com/products/cropped-flower-embroidered-cardigan.html]
[oldiesoldies.com/products/crystal-drop-925-silver-ring.html]
[oldiesoldies.com/products/cropped-flower-embroidered-cardigan.oembed]
[oldiesoldies.com/products/daisies-bag.html]
[oldiesoldies.com/products/000wavy-silver-ring.html]
[oldiesoldies.com/products/000top.html]
[oldiesoldies.com/products/daisies-bag.oembed]
[oldiesoldies.com/products/tero-bag.html]
[oldiesoldies.com/products/tero-bag.oembed]
[oldiesoldies.com/collections/jute-bags/products/tero-bag.html]
[oldiesoldies.com/products/jute-market-bag-10-colours.html]
[oldiesoldies.com/products/jute-market-bag-10-colours.oembed]
[oldiesoldies.com/collections/jute-bags/products/jute-market-bag-10-colours.html]
[oldiesoldies.com/collections/jute-bags/products/boxy-woven-jute-bag-with-lining.html]
[oldiesoldies.com/products/woven-jute-bag.html]
[oldiesoldies.com/products/woven-jute-bag.oembed]
[oldiesoldies.com/collections/jute-bags/products/woven-jute-bag.html]
[oldiesoldies.com/collections/jute-bags/products/daisies-bag.html]
[oldiesoldies.com/collections/jute-bags/products/cherries-bag.html]
[oldiesoldies.com/products/jute-string-bag.html]
[oldiesoldies.com/products/jute-string-bag.oembed]
[oldiesoldies.com/collections/jute-bags/products/jute-string-bag.html]
[oldiesoldies.com/products/striped-string-bag.html]
[oldiesoldies.com/products/striped-string-bag.oembed]
[oldiesoldies.com/collections/jute-bags/products/striped-string-bag.html]
[oldiesoldies.com/products/jute-bag-in-natural-colour-medium-size.html]
[oldiesoldies.com/products/handwoven-drawstring-mini-bucket-bag-brown.html]
[oldiesoldies.com/products/handwoven-drawstring-mini-bucket-bag.html]
[oldiesoldies.com/products/handwoven-drawstring-mini-bucket-bag-beige.html]
[oldiesoldies.com/products/flower-coin-case.html]
[oldiesoldies.com/products/jute-striped-string-bag-large.html]
[oldiesoldies.com/products/stripped-pattern-jute-bag.html]
[oldiesoldies.com/products/striped-jute-market-bag.html]
[oldiesoldies.com/products/strapped-jute-bag.html]
[oldiesoldies.com/products/round-jute-bag.html]
[oldiesoldies.com/products/nerdy-duck-from-nepal.html]
[oldiesoldies.com/products/fat-cat-from-nepal.html]
[oldiesoldies.com/collections/selectfdb0.oembed]
[oldiesoldies.com/collections/select/products/flower-hand-block-printed-blouse.html]
[oldiesoldies.com/collections/select/products/rosie-hand-block-printed-blouse.html]
[oldiesoldies.com/collections/select/products/dot-corn-hand-block-printed-dress.html]
[oldiesoldies.com/collections/select/products/dot-hand-embroidered-long-shirt-camisole-set.html]
[oldiesoldies.com/collections/selectfdb0.html]
[oldiesoldies.com/collections/select/products/000brown-copper-turquoise-925-silver-ring.html]
[oldiesoldies.com/collections/select/products/moon-hand-embroidered-long-shirt.html]
[oldiesoldies.com/products/000gold-plated-925-silver-pearl-ring.oembed]
[oldiesoldies.com/collections/select/products/000gold-plated-925-silver-pearl-ring.html]
[oldiesoldies.com/collections/select/products/000wavy-silver-ring.html]
[oldiesoldies.com/products/000prehnite-ring.html]
[oldiesoldies.com/products/000prehnite-ring.oembed]
[oldiesoldies.com/collections/select/products/000prehnite-ring.html]
[oldiesoldies.com/collections/select/products/000dress2.html]
[oldiesoldies.com/collections/select/products/000top.html]
[oldiesoldies.com/collections/select/products/000shirt.html]
[oldiesoldies.com/collections/select/products/dress.html]
[oldiesoldies.com/collections/select/products/dotty-check-hand-block-printed-tunic.html]
[oldiesoldies.com/products/dotty-check-hand-block-printed-tunic.oembed]
[oldiesoldies.com/products/powder-kota-doria-a-line-wrap-dress.html]
[oldiesoldies.com/products/powder-kota-doria-a-line-wrap-dress.oembed]
[oldiesoldies.com/collections/select/products/powder-kota-doria-a-line-wrap-dress.html]
[oldiesoldies.com/products/dot-floral-hand-embroidered-layer-top.oembed]
[oldiesoldies.com/collections/select/products/dot-floral-hand-embroidered-layer-top.html]
[oldiesoldies.com/products/sheer-double-layer-organza-camisole.html]
[oldiesoldies.com/products/sheer-double-layer-organza-camisole.oembed]
[oldiesoldies.com/collections/select/products/sheer-double-layer-organza-camisole.html]
[oldiesoldies.com/products/turquoise-925-silver-ring-thinner.html]
[oldiesoldies.com/products/labradorite-925-silver-ring的副本.html]
[oldiesoldies.com/products/labradorite-925-silver-ring-2.html]
[oldiesoldies.com/products/labradorite-925-silver-ring-1.html]
[oldiesoldies.com/products/rainbow-moonstone-cubic-zirconia-925-silver-ring.html]
[oldiesoldies.com/products/rhodochrosite-925-silver-ring.html]
[oldiesoldies.com/products/picture-jasper-925-silver-ring.html]
[oldiesoldies.com/products/labradorite-925-silver-ring.html]
[oldiesoldies.com/products/moonstone-925-silver-band-ring.html]
[oldiesoldies.com/products/plain-925-silver-ring.html]
[oldiesoldies.com/products/rhodo-crosite-925-silver-ring.html]
[oldiesoldies.com/collections/vintageaf4d.html]
[oldiesoldies.com/collections/vintagefdb0.oembed]
[oldiesoldies.com/collections/vintage/products/vintage-belt-10.html]
[oldiesoldies.com/collections/vintage/products/vintage-belt-9.html]
[oldiesoldies.com/collections/vintage/products/vintage-belt-8.html]
[oldiesoldies.com/collections/vintage/products/vintage-belt-7.html]
[oldiesoldies.com/collections/vintage/products/vintage-belt-6.html]
[oldiesoldies.com/collections/vintage/products/vintage-belt-5.html]
[oldiesoldies.com/collections/vintage/products/vintage-belt-4.html]
[oldiesoldies.com/collections/vintage/products/vintage-belt-3.html]
[oldiesoldies.com/collections/vintage/products/vintage-belt-2.html]
[oldiesoldies.com/collections/vintage/products/vintage-belt-1.html]
[oldiesoldies.com/collections/vintage/products/vintage-belt.html]
[oldiesoldies.com/collections/vintagefdb0.html]
[oldiesoldies.com/collections/vintage/products/etienne-aigner-canvas-vintage-bag.html]
[oldiesoldies.com/products/vintage-belt-19.html]
[oldiesoldies.com/products/vintage-belt-19.oembed]
[oldiesoldies.com/collections/vintage/products/vintage-belt-19.html]
[oldiesoldies.com/collections/vintage/products/vintage-belt-18.html]
[oldiesoldies.com/products/vintage-belt-16.html]
[oldiesoldies.com/products/vintage-belt-16.oembed]
[oldiesoldies.com/collections/vintage/products/vintage-belt-16.html]
[oldiesoldies.com/products/vintage-belt-15.html]
[oldiesoldies.com/products/vintage-belt-15.oembed]
[oldiesoldies.com/collections/vintage/products/vintage-belt-15.html]
[oldiesoldies.com/products/vintage-belt-14.html]
[oldiesoldies.com/products/vintage-belt-14.oembed]
[oldiesoldies.com/collections/vintage/products/vintage-belt-14.html]
[oldiesoldies.com/products/vintage-mini-bag.html]
[oldiesoldies.com/products/vintage-mini-bag.oembed]
[oldiesoldies.com/collections/vintage/products/vintage-mini-bag.html]
[oldiesoldies.com/products/vintage-belt-13.html]
[oldiesoldies.com/collections/vintage/products/vintage-belt-13.html]
[oldiesoldies.com/products/vintage-belt-13.oembed]
[oldiesoldies.com/products/vintage-belt-12.html]
[oldiesoldies.com/products/vintage-belt-12.oembed]
[oldiesoldies.com/collections/vintage/products/vintage-belt-12.html]
[oldiesoldies.com/collections/vintage/products/vintage-deadstock-belt-black.html]
[oldiesoldies.com/products/vintage-2-way-bag.html]
[oldiesoldies.com/collections/vintage/products/vintage-2-way-bag.html]
[oldiesoldies.com/collections/vintage/products/vintage-deadstock-belt.html]
[oldiesoldies.com/products/vintage-2-way-bag.oembed]
[oldiesoldies.com/products/vintage-belt-11.html]
[oldiesoldies.com/products/vintage-belt-11.oembed]
[oldiesoldies.com/collections/vintage/products/vintage-belt-11.html]
[oldiesoldies.com/products/vintage-belt-30.html]
[oldiesoldies.com/products/vintage-belt-29.html]
[oldiesoldies.com/products/vintage-belt-28.html]
[oldiesoldies.com/products/vintage-belt-27.html]
[oldiesoldies.com/products/vintage-belt-26.html]
[oldiesoldies.com/products/vintage-belt-25.html]
[oldiesoldies.com/products/vintage-belt-24.html]
[oldiesoldies.com/products/vintage-mini-clasp-bag.html]
[oldiesoldies.com/products/vintage-belt-23.html]
[oldiesoldies.com/products/vintage-belt-22.html]
[oldiesoldies.com/products/vintage-belt-21.html]
[oldiesoldies.com/products/vintage-belt-20.html]
[oldiesoldies.com/collections/allaf4d.html]
[oldiesoldies.com/collections/allfdb0.html]
[oldiesoldies.com/products/dot-corn-hand-block-printed-dress.oembed]
[oldiesoldies.com/products/dot-corn-hand-block-printed-dress.html]
[oldiesoldies.com/products/dot-floral-hand-embroidered-layer-top.html]
[oldiesoldies.com/products/dot-hand-embroidered-long-shirt-camisole-set.html]
[oldiesoldies.com/products/dotty-check-hand-block-printed-tunic.html]
[oldiesoldies.com/products/dot-hand-embroidered-long-shirt-camisole-set.oembed]
[oldiesoldies.com/products/flower-hand-block-printed-blouse.html]
[oldiesoldies.com/products/000gold-plated-925-silver-pearl-ring.html]
[oldiesoldies.com/products/cropped-flower-embroidered-cardigan-brown-的副本-2.html]
[oldiesoldies.com/products/tero-bag.html]
[oldiesoldies.com/products/jute-market-bag-10-colours.html]
[oldiesoldies.com/products/woven-jute-bag.html]
[oldiesoldies.com/products/jute-string-bag.html]
[oldiesoldies.com/products/striped-string-bag.html]
[oldiesoldies.com/collections/select/products/flower-hand-block-printed-blouse.html]
[oldiesoldies.com/products/flower-hand-block-printed-blouse.oembed]
[oldiesoldies.com/products/rosie-hand-block-printed-blouse.html]
[oldiesoldies.com/products/rosie-hand-block-printed-blouse.oembed]
[oldiesoldies.com/collections/select/products/rosie-hand-block-printed-blouse.html]
[oldiesoldies.com/collections/select/products/dot-corn-hand-block-printed-dress.html]
[oldiesoldies.com/collections/select/products/dot-hand-embroidered-long-shirt-camisole-set.html]
[oldiesoldies.com/products/moon-hand-embroidered-long-shirt.html]
[oldiesoldies.com/products/moon-hand-embroidered-long-shirt.oembed]
[oldiesoldies.com/collections/select/products/moon-hand-embroidered-long-shirt.html]
[oldiesoldies.com/products/000prehnite-ring.html]
[oldiesoldies.com/products/powder-kota-doria-a-line-wrap-dress.html]
[oldiesoldies.com/products/sheer-double-layer-organza-camisole.html]
[oldiesoldies.com/collections/vintageaf4d.oembed]
[oldiesoldies.com/collections/vintageaf4d.html]
[oldiesoldies.com/collections/vintage/products/vintage-heart-mini-bag.html]
[oldiesoldies.com/products/vintage-belt-10.html]
[oldiesoldies.com/products/vintage-belt-10.oembed]
[oldiesoldies.com/collections/vintage/products/vintage-belt-10.html]
[oldiesoldies.com/products/vintage-belt-9.html]
[oldiesoldies.com/products/vintage-belt-9.oembed]
[oldiesoldies.com/collections/vintage/products/vintage-belt-9.html]
[oldiesoldies.com/products/vintage-belt-8.html]
[oldiesoldies.com/products/vintage-belt-8.oembed]
[oldiesoldies.com/collections/vintage/products/vintage-belt-8.html]
[oldiesoldies.com/products/vintage-belt-7.html]
[oldiesoldies.com/products/vintage-belt-7.oembed]
[oldiesoldies.com/collections/vintage/products/vintage-belt-7.html]
[oldiesoldies.com/products/vintage-belt-6.html]
[oldiesoldies.com/products/vintage-belt-6.oembed]
[oldiesoldies.com/collections/vintage/products/vintage-belt-6.html]
[oldiesoldies.com/products/vintage-belt-5.html]
[oldiesoldies.com/products/vintage-belt-5.oembed]
[oldiesoldies.com/collections/vintage/products/vintage-belt-5.html]
[oldiesoldies.com/products/vintage-belt-4.html]
[oldiesoldies.com/products/vintage-belt-4.oembed]
[oldiesoldies.com/collections/vintage/products/vintage-belt-4.html]
[oldiesoldies.com/products/vintage-belt-3.html]
[oldiesoldies.com/products/vintage-belt-3.oembed]
[oldiesoldies.com/collections/vintage/products/vintage-belt-3.html]
[oldiesoldies.com/products/vintage-belt-2.html]
[oldiesoldies.com/products/vintage-belt-2.oembed]
[oldiesoldies.com/collections/vintage/products/vintage-belt-2.html]
[oldiesoldies.com/products/vintage-belt-1.html]
[oldiesoldies.com/products/vintage-belt-1.oembed]
[oldiesoldies.com/collections/vintage/products/vintage-belt-1.html]
[oldiesoldies.com/products/vintage-belt.html]
[oldiesoldies.com/collections/vintage/products/vintage-belt.html]
[oldiesoldies.com/collections/vintage/products/etienne-aigner-canvas-vintage-bag.html]
[oldiesoldies.com/products/vintage-belt-19.html]
[oldiesoldies.com/products/vintage-belt-16.html]
[oldiesoldies.com/products/vintage-belt-15.html]
[oldiesoldies.com/products/vintage-belt-14.html]
[oldiesoldies.com/products/vintage-mini-bag.html]
[oldiesoldies.com/products/vintage-belt-13.html]
[oldiesoldies.com/products/vintage-belt-12.html]
[oldiesoldies.com/products/vintage-2-way-bag.html]
[oldiesoldies.com/products/vintage-belt-11.html]
[oldiesoldies.com/products/vintage-belt.oembed]
[oldiesoldies.com/collections/allc575.html]
[oldiesoldies.com/products/lace-texture-top-1.html]
[oldiesoldies.com/collections/allaf4d.html]
[oldiesoldies.com/products/rosie-hand-block-printed-blouse.html]
[oldiesoldies.com/products/moon-hand-embroidered-long-shirt.html]
[oldiesoldies.com/products/vintage-heart-mini-bag.html]
[oldiesoldies.com/products/vintage-heart-mini-bag.oembed]
[oldiesoldies.com/collections/vintage/products/vintage-heart-mini-bag.html]
[oldiesoldies.com/products/vintage-belt-10.html]
[oldiesoldies.com/products/vintage-belt-9.html]
[oldiesoldies.com/products/vintage-belt-8.html]
[oldiesoldies.com/products/vintage-belt-7.html]
[oldiesoldies.com/products/vintage-belt-6.html]
[oldiesoldies.com/products/vintage-belt-5.html]
[oldiesoldies.com/products/vintage-belt-4.html]
[oldiesoldies.com/products/vintage-belt-3.html]
[oldiesoldies.com/products/vintage-belt-2.html]
[oldiesoldies.com/products/vintage-belt-1.html]
[oldiesoldies.com/products/vintage-belt.html]
[oldiesoldies.com/collections/all235c.html]
[oldiesoldies.com/collections/allc575.html]
[oldiesoldies.com/products/lace-texture-top-1.oembed]
[oldiesoldies.com/products/lace-texture-top-1.html]
[oldiesoldies.com/products/vintage-heart-mini-bag.html]
[oldiesoldies.com/collections/allfdfa.html]
[oldiesoldies.com/collections/all235c.html]
[oldiesoldies.com/collections/all0b08.html]
[oldiesoldies.com/products/labradorite-925-silver-ring的副本-2.html]
[oldiesoldies.com/collections/allfdfa.html]
[oldiesoldies.com/collections/all1448.html]
[oldiesoldies.com/collections/all0b08.html]
[oldiesoldies.com/products/labradorite-925-silver-ring的副本-2.html]
[oldiesoldies.com/collections/all1c8b.html]
[oldiesoldies.com/collections/all1448.html]
[oldiesoldies.com/collections/allce37.html]
[oldiesoldies.com/collections/all1c8b.html]
[oldiesoldies.com/collections/allce37.html]
